// Jest Snapshot v1, https://goo.gl/fbAQLP

exports[`renders correctly 1`] = `
<View
  accessible={true}
  isTVSelectable={true}
  onResponderGrant={[Function]}
  onResponderMove={[Function]}
  onResponderRelease={[Function]}
  onResponderTerminate={[Function]}
  onResponderTerminationRequest={[Function]}
  onStartShouldSetResponder={[Function]}
  style={
    Object {
      "alignItems": "center",
      "backgroundColor": "#1e87f0",
      "borderRadius": 3,
      "height": 40,
      "justifyContent": "center",
      "opacity": 1,
      "padding": 8,
    }
  }
>
  <View
    style={
      Array [
        Object {
          "textAlign": "center",
        },
        undefined,
      ]
    }
  >
    <View
      style={
        Array [
          Object {
            "textAlign": "center",
          },
          undefined,
        ]
      }
    >
      <Text
        style={
          Array [
            Object {
              "color": "#eee",
              "fontSize": 16,
            },
            Object {
              "fontSize": 14,
            },
          ]
        }
      >
        
      </Text>
    </View>
  </View>
</View>
`;
